// Jest Snapshot v1, https://goo.gl/fbAQLP

exports[`takes snapshot 1`] = `
<Text>
  app 
</Text>
`;
